Library List, V40
FW;C:\ProgramData\YOKOGAWA\Logic Designer\3_40_01_428\plc\FW_LIB\Bit_Util;Bit_Util;3
FW;C:\ProgramData\YOKOGAWA\Logic Designer\3_40_01_428\plc\FW_LIB\PROCONOS;PROCONOS;3
FW;C:\ProgramData\YOKOGAWA\Logic Designer\3_40_01_428\plc\FW_LIB\SD_FCXSTD_LIB;SD_FCXSTD_LIB;3
FW;C:\ProgramData\YOKOGAWA\Logic Designer\3_40_01_428\plc\FW_LIB\SD_FCXSYS_LIB;SD_FCXSYS_LIB;3
FW;C:\ProgramData\YOKOGAWA\Logic Designer\3_40_01_428\plc\FW_LIB\SD_FCXCOM_LIB;SD_FCXCOM_LIB;3
FW;C:\ProgramData\YOKOGAWA\Logic Designer\3_40_01_428\plc\FW_LIB\SD_FCXPAS_LIB;SD_FCXPAS_LIB;3
FW;C:\ProgramData\YOKOGAWA\Logic Designer\3_40_01_428\plc\FW_LIB\SD_FCXPLCS_LIB;SD_FCXPLCS_LIB;3
USER;C:\YOKOGAWA\FCN-FCJ\LogicDesigner\Libraries\SD_FIELD_PF;LIST;0
USER;C:\YOKOGAWA\FCN-FCJ\LogicDesigner\Libraries\SD_CFCX_PF;LIST;0
USER;C:\YOKOGAWA\FCN-FCJ\LogicDesigner\Libraries\SD_PASPARTS_PF;LIST;0
USER;C:\YOKOGAWA\FCN-FCJ\LogicDesigner\Libraries\SD_NPASPOU_PF;LIST;0
USER;C:\YOKOGAWA\FCN-FCJ\LogicDesigner\Libraries\SD_NPASFFH1_PF;LIST;0
USER;C:\YOKOGAWA\FCN-FCJ\LogicDesigner\Libraries\SD_NPASUTIL_PF;LIST;0
USER;C:\YOKOGAWA\FCN-FCJ\LogicDesigner\Libraries\SD_WIRE_PF;LIST;0
USER;C:\YOKOGAWA\FCN-FCJ\LogicDesigner\Libraries\SD_CUTIL_PF;LIST;0
USER;C:\YOKOGAWA\FCN-FCJ\LogicDesigner\Libraries\SD_PASFFH1VIEW_PF;LIST;0
FW;C:\YOKOGAWA\FCN-FCJ\LogicDesigner\Mwt\PLC\IPC_40;IPC_40;0
FW;C:\YOKOGAWA\FCN-FCJ\LogicDesigner\Mwt\PLC;IEC;3
